// Jest Snapshot v1, https://goo.gl/fbAQLP

exports[`Listings tests renders and matches our existing snapshot 1`] = `
<div
  className="Listing"
>
  Listing for 
   
  Tracer
   
   from 
   
  ChrisMetzen
  <br />
  <button
    className="FrenchyButton"
    onClick={[Function]}
  >
    Frenchify!
  </button>
  <button
    className="RemoveListing"
    onClick={[Function]}
  >
    Remove listing
  </button>
</div>
`;
